../Core/Src/main.c:86:5:main	8	static
../Core/Src/main.c:156:6:SystemClock_Config	88	static
../Core/Src/main.c:203:13:MX_LPUART1_UART_Init	8	static
../Core/Src/main.c:250:13:MX_TIM1_Init	72	static
../Core/Src/main.c:326:13:MX_TIM3_Init	72	static
../Core/Src/main.c:400:13:MX_TIM4_Init	72	static
../Core/Src/main.c:474:13:MX_TIM8_Init	120	static
../Core/Src/main.c:565:13:MX_GPIO_Init	48	static
../Core/Src/main.c:612:6:StpperMotorControlled	40	static
../Core/Src/main.c:681:6:BrusheMotorControlled	8	static
../Core/Src/main.c:693:6:ReadController	8	static
../Core/Src/main.c:703:5:mapValue	16	static
../Core/Src/main.c:714:6:Error_Handler	4	static,ignoring_inline_asm
