../Core/Src/main.c:88:5:main	8	static
../Core/Src/main.c:159:6:SystemClock_Config	88	static
../Core/Src/main.c:206:13:MX_LPUART1_UART_Init	8	static
../Core/Src/main.c:253:13:MX_TIM1_Init	72	static
../Core/Src/main.c:329:13:MX_TIM3_Init	72	static
../Core/Src/main.c:403:13:MX_TIM4_Init	72	static
../Core/Src/main.c:477:13:MX_TIM8_Init	120	static
../Core/Src/main.c:564:13:MX_TIM20_Init	120	static
../Core/Src/main.c:646:13:MX_GPIO_Init	48	static
../Core/Src/main.c:693:6:StpperMotorControlled	40	static
../Core/Src/main.c:762:6:BrusheMotorControlled	8	static
../Core/Src/main.c:774:6:ReadController	8	static
../Core/Src/main.c:784:5:mapValue	16	static
../Core/Src/main.c:795:6:Error_Handler	4	static,ignoring_inline_asm
